NULL
0
NULL
FIN
1234
1
File uploaded successfully
hello world
welcome